V3 10
FL C:/Users/jonnyTest/sumador4bits/main.vhd 2015/05/13.07:22:09 P.68d
EN work/main 1431519796 FL C:/Users/jonnyTest/sumador4bits/main.vhd \
      PB ieee/std_logic_1164 1370735607 PH work/pack 1431519793
AR work/main/Behavioral 1431519797 \
      FL C:/Users/jonnyTest/sumador4bits/main.vhd EN work/main 1431519796 CP sumaC
FL C:/Users/jonnyTest/sumador4bits/pack.vhd 2015/05/12.22:15:13 P.68d
PH work/pack 1431519793 FL C:/Users/jonnyTest/sumador4bits/pack.vhd \
      PB ieee/std_logic_1164 1370735607 CD sumaC
FL C:/Users/jonnyTest/sumador4bits/sumaC.vhd 2015/05/12.22:13:03 P.68d
EN work/sumaC 1431519794 FL C:/Users/jonnyTest/sumador4bits/sumaC.vhd \
      PB ieee/std_logic_1164 1370735607
AR work/sumaC/arq_sumaC 1431519795 \
      FL C:/Users/jonnyTest/sumador4bits/sumaC.vhd EN work/sumaC 1431519794
