PH pack NULL C:/Users/Administrador/arquis/examen/pack.vhd sub00/vhpl00 1433800747
AR main behavioral C:/Users/Administrador/arquis/examen/main.vhd sub00/vhpl04 1433800751
EN main NULL C:/Users/Administrador/arquis/examen/main.vhd sub00/vhpl03 1433800750
EN sumador NULL C:/Users/Administrador/arquis/examen/sumador.vhd sub00/vhpl01 1433800748
AR sumador arqsum C:/Users/Administrador/arquis/examen/sumador.vhd sub00/vhpl02 1433800749
