V3 10
FL C:/Users/Administrador/arquis/examen/main.vhd 2015/06/08.16:59:02 O.40d
EN work/main 1433800750 FL C:/Users/Administrador/arquis/examen/main.vhd \
      PB ieee/std_logic_1164 1296775758 PH work/pack 1433800747
AR work/main/Behavioral 1433800751 \
      FL C:/Users/Administrador/arquis/examen/main.vhd EN work/main 1433800750 \
      CP sumador
FL C:/Users/Administrador/arquis/examen/pack.vhd 2015/06/08.16:37:47 O.40d
PH work/pack 1433800747 FL C:/Users/Administrador/arquis/examen/pack.vhd \
      PB ieee/std_logic_1164 1296775758 CD sumador
FL C:/Users/Administrador/arquis/examen/sumador.vhd 2015/06/08.16:33:56 O.40d
EN work/sumador 1433800748 FL C:/Users/Administrador/arquis/examen/sumador.vhd \
      PB ieee/std_logic_1164 1296775758
AR work/sumador/arqsum 1433800749 \
      FL C:/Users/Administrador/arquis/examen/sumador.vhd EN work/sumador 1433800748
