AR main behavioral C:/Users/Nancy/Documents/Xilinx/2doParcial/restador/main.vhd sub00/vhpl04 1431522719
PH pack NULL C:/Users/Nancy/Documents/Xilinx/2doParcial/restador/pack.vhd sub00/vhpl00 1431522715
AR sumador behavioral C:/Users/Nancy/Documents/Xilinx/2doParcial/restador/sum.vhd sub00/vhpl02 1431522717
EN main NULL C:/Users/Nancy/Documents/Xilinx/2doParcial/restador/main.vhd sub00/vhpl03 1431522718
EN sumador NULL C:/Users/Nancy/Documents/Xilinx/2doParcial/restador/sum.vhd sub00/vhpl01 1431522716
