V3 10
FL C:/Users/Nancy/Documents/Xilinx/2doParcial/restador/main.vhd 2015/05/13.08:11:49 O.40d
EN work/main 1431522718 \
      FL C:/Users/Nancy/Documents/Xilinx/2doParcial/restador/main.vhd \
      PB ieee/std_logic_1164 1296775758 PH work/pack 1431522715
AR work/main/Behavioral 1431522719 \
      FL C:/Users/Nancy/Documents/Xilinx/2doParcial/restador/main.vhd \
      EN work/main 1431522718 CP sumador
FL C:/Users/Nancy/Documents/Xilinx/2doParcial/restador/pack.vhd 2015/05/13.07:50:34 O.40d
PH work/pack 1431522715 \
      FL C:/Users/Nancy/Documents/Xilinx/2doParcial/restador/pack.vhd \
      PB ieee/std_logic_1164 1296775758 CD sumador
FL C:/Users/Nancy/Documents/Xilinx/2doParcial/restador/sum.vhd 2015/05/13.07:50:34 O.40d
EN work/sumador 1431522716 \
      FL C:/Users/Nancy/Documents/Xilinx/2doParcial/restador/sum.vhd \
      PB ieee/std_logic_1164 1296775758
AR work/sumador/Behavioral 1431522717 \
      FL C:/Users/Nancy/Documents/Xilinx/2doParcial/restador/sum.vhd \
      EN work/sumador 1431522716
