AR main behavioral C:/Users/Nancy/Documents/Xilinx/2doParcial/alu/main.vhd sub00/vhpl04 1432731715
PH pack NULL C:/Users/Nancy/Documents/Xilinx/2doParcial/alu/pack.vhd sub00/vhpl00 1432731711
AR sumador behavioral C:/Users/Nancy/Documents/Xilinx/2doParcial/alu/sum.vhd sub00/vhpl02 1432731713
EN main NULL C:/Users/Nancy/Documents/Xilinx/2doParcial/alu/main.vhd sub00/vhpl03 1432731714
EN sumador NULL C:/Users/Nancy/Documents/Xilinx/2doParcial/alu/sum.vhd sub00/vhpl01 1432731712
