V3 3
FL C:/Users/Nancy/Documents/Xilinx/2doParcial/sumador_ac_ant/sumador.vhd 2015/05/27.07:40:42 O.40d
EN work/sumador 1432730446 \
      FL C:/Users/Nancy/Documents/Xilinx/2doParcial/sumador_ac_ant/sumador.vhd \
      PB ieee/std_logic_1164 1296775758
AR work/sumador/Behavioral 1432730447 \
      FL C:/Users/Nancy/Documents/Xilinx/2doParcial/sumador_ac_ant/sumador.vhd \
      EN work/sumador 1432730446
